INFO  | 2019-03-27 17:51:59 | [main] core.TestListner (TestListner.java:93) - test
INFO  | 2019-03-27 18:03:11 | [main] core.TestListner (TestListner.java:93) - this is information
WARN  | 2019-03-27 18:03:11 | [main] core.TestListner (TestListner.java:94) - this is warning
INFO  | 2019-03-27 18:03:49 | [main] core.TestListner (TestListner.java:93) - this is information
WARN  | 2019-03-27 18:03:49 | [main] core.TestListner (TestListner.java:94) - this is warning
DEBUG | 2019-03-27 18:12:30 | [main] core.TestListner (TestListner.java:95) - Getting errors
INFO  | 2019-03-27 18:12:30 | [main] core.TestListner (TestListner.java:96) - this is information
WARN  | 2019-03-27 18:12:30 | [main] core.TestListner (TestListner.java:97) - this is warning
DEBUG | 2019-04-09 12:58:10 | [main] core.TestListner (TestListner.java:34) - onTestStart: start
DEBUG | 2019-04-09 12:59:05 | [main] core.TestListner (TestListner.java:34) - onTestStart: start
DEBUG | 2019-04-09 13:56:57 | [main] core.TestListner (TestListner.java:34) - onTestStart: start
DEBUG | 2019-04-09 14:01:06 | [main] core.TestListner (TestListner.java:34) - onTestStart: start
DEBUG | 2019-04-09 14:03:24 | [main] core.TestListner (TestListner.java:34) - onTestStart: start
DEBUG | 2019-04-09 14:06:02 | [main] core.TestListner (TestListner.java:34) - onTestStart: start
DEBUG | 2019-04-09 14:14:55 | [main] core.TestListner (TestListner.java:34) - onTestStart: start
DEBUG | 2019-04-10 18:17:12 | [main] core.TestListner (TestListner.java:34) - onTestStart: start
DEBUG | 2019-04-10 18:17:50 | [main] core.TestListner (TestListner.java:34) - onTestStart: start
DEBUG | 2019-04-10 18:20:10 | [main] core.TestListner (TestListner.java:34) - onTestStart: start
DEBUG | 2019-04-12 10:48:43 | [main] core.TestListner (TestListner.java:34) - onTestStart: start
DEBUG | 2019-04-12 10:49:57 | [main] core.TestListner (TestListner.java:34) - onTestStart: start
DEBUG | 2019-04-12 10:58:09 | [main] core.TestListner (TestListner.java:34) - onTestStart: start
DEBUG | 2019-04-12 10:58:52 | [main] core.TestListner (TestListner.java:34) - onTestStart: start
DEBUG | 2019-04-12 10:59:29 | [main] core.TestListner (TestListner.java:34) - onTestStart: start
DEBUG | 2019-04-12 11:00:06 | [main] core.TestListner (TestListner.java:34) - onTestStart: start
DEBUG | 2019-04-12 11:00:43 | [main] core.TestListner (TestListner.java:34) - onTestStart: start
DEBUG | 2019-04-12 11:06:58 | [main] core.TestListner (TestListner.java:34) - onTestStart: start
DEBUG | 2019-04-12 11:07:40 | [main] core.TestListner (TestListner.java:34) - onTestStart: start
DEBUG | 2019-04-12 11:08:17 | [main] core.TestListner (TestListner.java:34) - onTestStart: start
DEBUG | 2019-04-12 11:08:54 | [main] core.TestListner (TestListner.java:34) - onTestStart: start
DEBUG | 2019-04-12 11:09:31 | [main] core.TestListner (TestListner.java:34) - onTestStart: start
DEBUG | 2019-04-12 11:11:02 | [main] core.TestListner (TestListner.java:34) - onTestStart: start
DEBUG | 2019-04-12 11:11:39 | [main] core.TestListner (TestListner.java:34) - onTestStart: start
DEBUG | 2019-04-12 11:12:16 | [main] core.TestListner (TestListner.java:34) - onTestStart: start
DEBUG | 2019-04-12 11:12:54 | [main] core.TestListner (TestListner.java:34) - onTestStart: start
DEBUG | 2019-04-12 11:13:30 | [main] core.TestListner (TestListner.java:34) - onTestStart: start
DEBUG | 2019-04-12 11:16:25 | [main] core.TestListner (TestListner.java:34) - onTestStart: start
DEBUG | 2019-04-12 11:22:17 | [main] core.TestListner (TestListner.java:34) - onTestStart: start
DEBUG | 2019-04-12 11:25:01 | [main] core.TestListner (TestListner.java:34) - onTestStart: start
DEBUG | 2019-04-12 11:25:44 | [main] core.TestListner (TestListner.java:34) - onTestStart: start
DEBUG | 2019-04-12 11:26:20 | [main] core.TestListner (TestListner.java:34) - onTestStart: start
DEBUG | 2019-04-12 11:26:56 | [main] core.TestListner (TestListner.java:34) - onTestStart: start
DEBUG | 2019-04-12 11:27:31 | [main] core.TestListner (TestListner.java:34) - onTestStart: start
DEBUG | 2019-04-12 12:55:12 | [main] core.TestListner (TestListner.java:34) - onTestStart: start
DEBUG | 2019-04-12 12:57:09 | [main] core.TestListner (TestListner.java:34) - onTestStart: start
DEBUG | 2019-04-12 13:56:15 | [main] core.TestListner (TestListner.java:34) - onTestStart: start
DEBUG | 2019-04-12 14:24:39 | [main] core.TestListner (TestListner.java:34) - onTestStart: start
DEBUG | 2019-04-12 14:26:20 | [main] core.TestListner (TestListner.java:34) - onTestStart: start
DEBUG | 2019-04-12 14:27:38 | [main] core.TestListner (TestListner.java:34) - onTestStart: start
DEBUG | 2019-04-12 14:28:29 | [main] core.TestListner (TestListner.java:34) - onTestStart: start
DEBUG | 2019-04-12 14:29:17 | [main] core.TestListner (TestListner.java:34) - onTestStart: start
DEBUG | 2019-04-12 14:30:05 | [main] core.TestListner (TestListner.java:34) - onTestStart: start
DEBUG | 2019-04-12 14:30:52 | [main] core.TestListner (TestListner.java:34) - onTestStart: start
DEBUG | 2019-04-12 16:40:08 | [main] core.TestListner (TestListner.java:34) - onTestStart: start
DEBUG | 2019-04-12 16:41:10 | [main] core.TestListner (TestListner.java:34) - onTestStart: start
DEBUG | 2019-04-12 16:42:00 | [main] core.TestListner (TestListner.java:34) - onTestStart: start
DEBUG | 2019-04-12 16:42:48 | [main] core.TestListner (TestListner.java:34) - onTestStart: start
DEBUG | 2019-04-12 16:43:35 | [main] core.TestListner (TestListner.java:34) - onTestStart: start
DEBUG | 2019-04-15 11:54:53 | [main] core.TestListner (TestListner.java:34) - onTestStart: start
DEBUG | 2019-04-15 11:55:43 | [main] core.TestListner (TestListner.java:34) - onTestStart: start
DEBUG | 2019-04-15 11:56:33 | [main] core.TestListner (TestListner.java:34) - onTestStart: start
DEBUG | 2019-04-15 11:57:22 | [main] core.TestListner (TestListner.java:34) - onTestStart: start
DEBUG | 2019-04-15 11:58:11 | [main] core.TestListner (TestListner.java:34) - onTestStart: start
DEBUG | 2019-04-15 12:11:08 | [main] core.TestListner (TestListner.java:34) - onTestStart: start
DEBUG | 2019-04-15 12:11:47 | [main] core.TestListner (TestListner.java:34) - onTestStart: start
DEBUG | 2019-04-15 12:12:27 | [main] core.TestListner (TestListner.java:34) - onTestStart: start
DEBUG | 2019-04-15 12:13:05 | [main] core.TestListner (TestListner.java:34) - onTestStart: start
DEBUG | 2019-04-15 12:13:45 | [main] core.TestListner (TestListner.java:34) - onTestStart: start
DEBUG | 2019-04-15 12:21:56 | [main] core.TestListner (TestListner.java:34) - onTestStart: start
DEBUG | 2019-04-15 12:23:44 | [main] core.TestListner (TestListner.java:34) - onTestStart: start
DEBUG | 2019-04-15 12:24:25 | [main] core.TestListner (TestListner.java:34) - onTestStart: start
DEBUG | 2019-04-15 12:25:04 | [main] core.TestListner (TestListner.java:34) - onTestStart: start
DEBUG | 2019-04-15 12:25:43 | [main] core.TestListner (TestListner.java:34) - onTestStart: start
DEBUG | 2019-04-15 12:26:22 | [main] core.TestListner (TestListner.java:34) - onTestStart: start
DEBUG | 2019-04-15 13:06:13 | [main] core.TestListner (TestListner.java:34) - onTestStart: start
DEBUG | 2019-04-15 13:06:52 | [main] core.TestListner (TestListner.java:34) - onTestStart: start
DEBUG | 2019-04-15 13:07:30 | [main] core.TestListner (TestListner.java:34) - onTestStart: start
DEBUG | 2019-04-15 13:08:08 | [main] core.TestListner (TestListner.java:34) - onTestStart: start
DEBUG | 2019-04-15 13:08:45 | [main] core.TestListner (TestListner.java:34) - onTestStart: start
DEBUG | 2019-04-15 18:10:53 | [main] core.TestListner (TestListner.java:34) - onTestStart: start
DEBUG | 2019-04-15 18:17:42 | [main] core.TestListner (TestListner.java:34) - onTestStart: start
DEBUG | 2019-04-15 18:23:32 | [main] core.TestListner (TestListner.java:34) - onTestStart: start
DEBUG | 2019-04-15 18:26:45 | [main] core.TestListner (TestListner.java:34) - onTestStart: start
DEBUG | 2019-04-15 18:32:28 | [main] core.TestListner (TestListner.java:34) - onTestStart: start
DEBUG | 2019-04-16 10:33:33 | [main] core.TestListner (TestListner.java:34) - onTestStart: start
DEBUG | 2019-04-16 10:36:06 | [main] core.TestListner (TestListner.java:34) - onTestStart: start
DEBUG | 2019-04-16 10:46:40 | [main] core.TestListner (TestListner.java:34) - onTestStart: start
DEBUG | 2019-04-16 10:50:59 | [main] core.TestListner (TestListner.java:34) - onTestStart: start
DEBUG | 2019-04-16 10:51:46 | [main] core.TestListner (TestListner.java:34) - onTestStart: start
DEBUG | 2019-04-16 10:57:31 | [main] core.TestListner (TestListner.java:34) - onTestStart: start
DEBUG | 2019-04-16 11:02:36 | [main] core.TestListner (TestListner.java:34) - onTestStart: start
DEBUG | 2019-04-16 11:04:52 | [main] core.TestListner (TestListner.java:34) - onTestStart: start
DEBUG | 2019-04-16 11:10:54 | [main] core.TestListner (TestListner.java:34) - onTestStart: start
DEBUG | 2019-04-16 11:12:43 | [main] core.TestListner (TestListner.java:34) - onTestStart: start
DEBUG | 2019-04-16 11:15:55 | [main] core.TestListner (TestListner.java:34) - onTestStart: start
DEBUG | 2019-04-16 11:17:23 | [main] core.TestListner (TestListner.java:34) - onTestStart: start
DEBUG | 2019-04-16 11:24:26 | [main] core.TestListner (TestListner.java:34) - onTestStart: start
DEBUG | 2019-04-16 15:47:40 | [main] core.TestListner (TestListner.java:34) - onTestStart: start
DEBUG | 2019-04-16 15:49:12 | [main] core.TestListner (TestListner.java:34) - onTestStart: start
DEBUG | 2019-04-16 15:50:26 | [main] core.TestListner (TestListner.java:34) - onTestStart: start
DEBUG | 2019-04-16 15:51:30 | [main] core.TestListner (TestListner.java:34) - onTestStart: start
DEBUG | 2019-04-16 16:11:19 | [main] core.TestListner (TestListner.java:34) - onTestStart: start
DEBUG | 2019-04-16 16:20:45 | [main] core.TestListner (TestListner.java:34) - onTestStart: start
DEBUG | 2019-04-16 16:21:25 | [main] core.TestListner (TestListner.java:34) - onTestStart: start
DEBUG | 2019-04-16 16:22:43 | [main] core.TestListner (TestListner.java:34) - onTestStart: start
DEBUG | 2019-04-16 16:32:24 | [main] core.TestListner (TestListner.java:34) - onTestStart: start
DEBUG | 2019-04-16 16:38:34 | [main] core.TestListner (TestListner.java:34) - onTestStart: start
DEBUG | 2019-04-16 16:44:56 | [main] core.TestListner (TestListner.java:34) - onTestStart: start
DEBUG | 2019-04-16 16:46:38 | [main] core.TestListner (TestListner.java:34) - onTestStart: start
DEBUG | 2019-04-16 16:47:52 | [main] core.TestListner (TestListner.java:34) - onTestStart: start
DEBUG | 2019-04-16 16:50:23 | [main] core.TestListner (TestListner.java:34) - onTestStart: start
DEBUG | 2019-04-16 17:12:25 | [main] core.TestListner (TestListner.java:34) - onTestStart: start
DEBUG | 2019-04-16 17:16:12 | [main] core.TestListner (TestListner.java:34) - onTestStart: start
DEBUG | 2019-04-16 17:17:19 | [main] core.TestListner (TestListner.java:34) - onTestStart: start
DEBUG | 2019-04-16 17:18:30 | [main] core.TestListner (TestListner.java:34) - onTestStart: start
DEBUG | 2019-04-16 17:21:06 | [main] core.TestListner (TestListner.java:34) - onTestStart: start
DEBUG | 2019-04-16 17:31:01 | [main] core.TestListner (TestListner.java:34) - onTestStart: start
DEBUG | 2019-04-16 17:58:41 | [main] core.TestListner (TestListner.java:34) - onTestStart: start
DEBUG | 2019-04-16 18:04:59 | [main] core.TestListner (TestListner.java:34) - onTestStart: start
DEBUG | 2019-04-16 18:19:14 | [main] core.TestListner (TestListner.java:34) - onTestStart: start
DEBUG | 2019-04-16 18:20:12 | [main] core.TestListner (TestListner.java:34) - onTestStart: start
DEBUG | 2019-04-16 18:24:02 | [main] core.TestListner (TestListner.java:34) - onTestStart: start
DEBUG | 2019-04-18 14:48:54 | [main] core.TestListner (TestListner.java:34) - onTestStart: start
DEBUG | 2019-04-18 14:49:40 | [main] core.TestListner (TestListner.java:34) - onTestStart: start
DEBUG | 2019-04-18 14:50:17 | [main] core.TestListner (TestListner.java:34) - onTestStart: start
DEBUG | 2019-04-18 14:50:54 | [main] core.TestListner (TestListner.java:34) - onTestStart: start
DEBUG | 2019-04-18 14:51:32 | [main] core.TestListner (TestListner.java:34) - onTestStart: start
DEBUG | 2019-04-18 14:52:16 | [main] core.TestListner (TestListner.java:34) - onTestStart: start
DEBUG | 2019-04-18 14:53:10 | [main] core.TestListner (TestListner.java:34) - onTestStart: start
DEBUG | 2019-04-18 14:53:48 | [main] core.TestListner (TestListner.java:34) - onTestStart: start
DEBUG | 2019-04-18 14:54:27 | [main] core.TestListner (TestListner.java:34) - onTestStart: start
DEBUG | 2019-04-18 14:55:04 | [main] core.TestListner (TestListner.java:34) - onTestStart: start
DEBUG | 2019-04-18 14:57:52 | [main] core.TestListner (TestListner.java:34) - onTestStart: start
DEBUG | 2019-04-18 14:58:32 | [main] core.TestListner (TestListner.java:34) - onTestStart: start
DEBUG | 2019-04-18 14:59:11 | [main] core.TestListner (TestListner.java:34) - onTestStart: start
DEBUG | 2019-04-18 14:59:50 | [main] core.TestListner (TestListner.java:34) - onTestStart: start
DEBUG | 2019-04-18 15:00:29 | [main] core.TestListner (TestListner.java:34) - onTestStart: start
DEBUG | 2019-04-18 16:47:09 | [main] core.TestListner (TestListner.java:34) - onTestStart: start
DEBUG | 2019-04-18 16:47:51 | [main] core.TestListner (TestListner.java:34) - onTestStart: start
DEBUG | 2019-04-18 16:48:29 | [main] core.TestListner (TestListner.java:34) - onTestStart: start
DEBUG | 2019-04-18 16:49:07 | [main] core.TestListner (TestListner.java:34) - onTestStart: start
DEBUG | 2019-04-18 16:49:46 | [main] core.TestListner (TestListner.java:34) - onTestStart: start
DEBUG | 2019-04-18 16:52:29 | [main] core.TestListner (TestListner.java:34) - onTestStart: start
DEBUG | 2019-04-18 16:54:51 | [main] core.TestListner (TestListner.java:34) - onTestStart: start
DEBUG | 2019-04-18 16:56:17 | [main] core.TestListner (TestListner.java:34) - onTestStart: start
DEBUG | 2019-04-29 11:36:53 | [main] core.TestListner (TestListner.java:34) - onTestStart: start
DEBUG | 2019-04-29 11:38:10 | [main] core.TestListner (TestListner.java:34) - onTestStart: start
DEBUG | 2019-04-29 11:44:28 | [main] core.TestListner (TestListner.java:34) - onTestStart: start
DEBUG | 2019-04-29 12:01:36 | [main] core.TestListner (TestListner.java:34) - onTestStart: start
DEBUG | 2019-04-29 12:12:25 | [main] core.TestListner (TestListner.java:34) - onTestStart: start
DEBUG | 2019-04-29 12:30:43 | [main] core.TestListner (TestListner.java:34) - onTestStart: start
DEBUG | 2019-04-29 12:39:02 | [main] core.TestListner (TestListner.java:34) - onTestStart: start
DEBUG | 2019-04-29 14:09:56 | [main] core.TestListner (TestListner.java:34) - onTestStart: start
DEBUG | 2019-04-29 16:31:59 | [main] core.TestListner (TestListner.java:34) - onTestStart: start
DEBUG | 2019-04-29 16:32:58 | [main] core.TestListner (TestListner.java:34) - onTestStart: start
DEBUG | 2019-04-29 16:52:55 | [main] core.TestListner (TestListner.java:34) - onTestStart: start
DEBUG | 2019-04-29 16:56:13 | [main] core.TestListner (TestListner.java:34) - onTestStart: start
DEBUG | 2019-04-29 18:02:03 | [main] core.TestListner (TestListner.java:34) - onTestStart: start
DEBUG | 2019-04-29 18:03:28 | [main] core.TestListner (TestListner.java:34) - onTestStart: start
DEBUG | 2019-06-07 11:12:40 | [main] core.TestListner (TestListner.java:34) - onTestStart: start
DEBUG | 2019-06-07 22:42:38 | [main] core.TestListner (TestListner.java:34) - onTestStart: start
DEBUG | 2019-06-07 22:44:35 | [main] core.TestListner (TestListner.java:34) - onTestStart: start
DEBUG | 2019-06-07 22:47:45 | [main] core.TestListner (TestListner.java:34) - onTestStart: start
DEBUG | 2019-06-07 22:59:08 | [main] core.TestListner (TestListner.java:34) - onTestStart: start
DEBUG | 2019-06-08 10:41:59 | [main] core.TestListner (TestListner.java:34) - onTestStart: start
DEBUG | 2019-06-08 10:42:38 | [main] core.TestListner (TestListner.java:34) - onTestStart: start
DEBUG | 2019-06-08 10:43:15 | [main] core.TestListner (TestListner.java:34) - onTestStart: start
DEBUG | 2019-06-08 10:43:52 | [main] core.TestListner (TestListner.java:34) - onTestStart: start
DEBUG | 2019-06-08 10:44:07 | [main] core.TestListner (TestListner.java:34) - onTestStart: start
DEBUG | 2019-06-08 10:45:34 | [main] core.TestListner (TestListner.java:34) - onTestStart: start
DEBUG | 2019-06-08 10:59:58 | [main] core.TestListner (TestListner.java:34) - onTestStart: start
DEBUG | 2019-06-08 11:00:40 | [main] core.TestListner (TestListner.java:34) - onTestStart: start
DEBUG | 2019-06-08 11:01:18 | [main] core.TestListner (TestListner.java:34) - onTestStart: start
DEBUG | 2019-06-08 11:01:54 | [main] core.TestListner (TestListner.java:34) - onTestStart: start
DEBUG | 2019-06-08 11:02:09 | [main] core.TestListner (TestListner.java:34) - onTestStart: start
DEBUG | 2019-06-08 13:08:46 | [main] core.TestListner (TestListner.java:34) - onTestStart: start
DEBUG | 2019-06-08 14:04:30 | [main] core.TestListner (TestListner.java:34) - onTestStart: start
DEBUG | 2019-06-08 14:11:48 | [main] core.TestListner (TestListner.java:34) - onTestStart: start
DEBUG | 2019-06-08 14:29:55 | [main] core.TestListner (TestListner.java:34) - onTestStart: start
DEBUG | 2019-06-11 12:52:46 | [main] core.TestListner (TestListner.java:34) - onTestStart: start
DEBUG | 2019-06-11 12:53:45 | [main] core.TestListner (TestListner.java:34) - onTestStart: start
DEBUG | 2019-06-11 12:54:22 | [main] core.TestListner (TestListner.java:34) - onTestStart: start
DEBUG | 2019-06-11 12:54:59 | [main] core.TestListner (TestListner.java:34) - onTestStart: start
DEBUG | 2019-06-11 12:55:15 | [main] core.TestListner (TestListner.java:34) - onTestStart: start
DEBUG | 2019-06-11 13:52:24 | [main] core.TestListner (TestListner.java:34) - onTestStart: start
DEBUG | 2019-06-11 13:54:59 | [main] core.TestListner (TestListner.java:34) - onTestStart: start
DEBUG | 2019-06-11 13:57:23 | [main] core.TestListner (TestListner.java:34) - onTestStart: start
DEBUG | 2019-06-11 16:26:44 | [main] core.TestListner (TestListner.java:34) - onTestStart: start
DEBUG | 2019-06-13 10:34:10 | [main] core.TestListner (TestListner.java:34) - onTestStart: start
DEBUG | 2019-06-13 10:37:58 | [main] core.TestListner (TestListner.java:34) - onTestStart: start
DEBUG | 2019-06-13 10:39:30 | [main] core.TestListner (TestListner.java:34) - onTestStart: start
DEBUG | 2019-06-13 10:45:40 | [main] core.TestListner (TestListner.java:34) - onTestStart: start
DEBUG | 2019-06-13 10:47:20 | [main] core.TestListner (TestListner.java:34) - onTestStart: start
DEBUG | 2019-06-13 10:53:22 | [main] core.TestListner (TestListner.java:34) - onTestStart: start
DEBUG | 2019-06-13 10:54:03 | [main] core.TestListner (TestListner.java:34) - onTestStart: start
DEBUG | 2019-06-13 10:54:26 | [main] core.TestListner (TestListner.java:34) - onTestStart: start
DEBUG | 2019-06-13 10:55:57 | [main] core.TestListner (TestListner.java:34) - onTestStart: start
DEBUG | 2019-06-13 10:56:32 | [main] core.TestListner (TestListner.java:34) - onTestStart: start
DEBUG | 2019-06-13 11:49:09 | [main] core.TestListner (TestListner.java:34) - onTestStart: start
DEBUG | 2019-06-13 11:49:46 | [main] core.TestListner (TestListner.java:34) - onTestStart: start
DEBUG | 2019-06-13 11:52:09 | [main] core.TestListner (TestListner.java:34) - onTestStart: start
DEBUG | 2019-06-13 11:52:32 | [main] core.TestListner (TestListner.java:34) - onTestStart: start
DEBUG | 2019-06-13 11:53:56 | [main] core.TestListner (TestListner.java:34) - onTestStart: start
DEBUG | 2019-06-13 11:54:32 | [main] core.TestListner (TestListner.java:34) - onTestStart: start
DEBUG | 2019-06-13 11:56:52 | [main] core.TestListner (TestListner.java:34) - onTestStart: start
DEBUG | 2019-06-13 11:57:30 | [main] core.TestListner (TestListner.java:34) - onTestStart: start
DEBUG | 2019-06-14 14:45:48 | [main] core.TestListner (TestListner.java:34) - onTestStart: start
DEBUG | 2019-06-14 18:08:46 | [main] core.TestListner (TestListner.java:34) - onTestStart: start
DEBUG | 2019-06-28 17:52:51 | [main] core.TestListner (TestListner.java:95) - Getting errors
INFO  | 2019-06-28 17:52:51 | [main] core.TestListner (TestListner.java:96) - this is information
WARN  | 2019-06-28 17:52:51 | [main] core.TestListner (TestListner.java:97) - this is warning
DEBUG | 2019-07-11 17:27:41 | [main] core.TestListner (TestListner.java:34) - onTestStart: start
DEBUG | 2019-07-11 18:31:52 | [main] core.TestListner (TestListner.java:34) - onTestStart: start
DEBUG | 2019-07-11 22:20:30 | [main] core.TestListner (TestListner.java:34) - onTestStart: start
DEBUG | 2019-07-11 22:28:25 | [main] core.TestListner (TestListner.java:34) - onTestStart: start
DEBUG | 2019-07-11 22:39:08 | [main] core.TestListner (TestListner.java:34) - onTestStart: start
DEBUG | 2019-07-12 12:11:39 | [main] core.TestListner (TestListner.java:34) - onTestStart: start
DEBUG | 2019-07-12 15:05:54 | [main] core.TestListner (TestListner.java:34) - onTestStart: start
DEBUG | 2019-07-12 15:07:27 | [main] core.TestListner (TestListner.java:34) - onTestStart: start
DEBUG | 2019-07-12 15:08:40 | [main] core.TestListner (TestListner.java:34) - onTestStart: start
DEBUG | 2019-07-12 15:10:32 | [main] core.TestListner (TestListner.java:34) - onTestStart: start
DEBUG | 2019-07-12 15:13:36 | [main] core.TestListner (TestListner.java:34) - onTestStart: start
DEBUG | 2019-07-12 17:30:35 | [main] core.TestListner (TestListner.java:34) - onTestStart: start
DEBUG | 2019-07-12 17:43:37 | [main] core.TestListner (TestListner.java:34) - onTestStart: start
DEBUG | 2019-07-12 17:46:39 | [main] core.TestListner (TestListner.java:34) - onTestStart: start
DEBUG | 2019-07-12 17:49:25 | [main] core.TestListner (TestListner.java:34) - onTestStart: start
DEBUG | 2019-07-14 11:53:35 | [main] core.TestListner (TestListner.java:34) - onTestStart: start
DEBUG | 2019-07-14 11:56:19 | [main] core.TestListner (TestListner.java:34) - onTestStart: start
DEBUG | 2019-07-14 12:02:01 | [main] core.TestListner (TestListner.java:34) - onTestStart: start
DEBUG | 2019-07-14 12:41:16 | [main] core.TestListner (TestListner.java:34) - onTestStart: start
DEBUG | 2019-07-14 12:42:29 | [main] core.TestListner (TestListner.java:34) - onTestStart: start
DEBUG | 2019-07-14 12:50:02 | [main] core.TestListner (TestListner.java:34) - onTestStart: start
DEBUG | 2019-07-14 18:35:54 | [main] core.TestListner (TestListner.java:34) - onTestStart: start
DEBUG | 2019-07-14 18:49:28 | [main] core.TestListner (TestListner.java:34) - onTestStart: start
DEBUG | 2019-07-14 18:54:00 | [main] core.TestListner (TestListner.java:34) - onTestStart: start
DEBUG | 2019-07-14 19:00:15 | [main] core.TestListner (TestListner.java:34) - onTestStart: start
DEBUG | 2019-07-14 19:01:22 | [main] core.TestListner (TestListner.java:34) - onTestStart: start
DEBUG | 2019-07-14 19:02:26 | [main] core.TestListner (TestListner.java:34) - onTestStart: start
DEBUG | 2019-07-14 19:12:13 | [main] core.TestListner (TestListner.java:34) - onTestStart: start
DEBUG | 2019-07-14 19:18:09 | [main] core.TestListner (TestListner.java:34) - onTestStart: start
DEBUG | 2019-07-14 19:19:45 | [main] core.TestListner (TestListner.java:34) - onTestStart: start
DEBUG | 2019-07-14 19:21:10 | [main] core.TestListner (TestListner.java:34) - onTestStart: start
DEBUG | 2019-07-14 19:24:39 | [main] core.TestListner (TestListner.java:34) - onTestStart: start
DEBUG | 2019-07-14 19:51:18 | [main] core.TestListner (TestListner.java:34) - onTestStart: start
DEBUG | 2019-07-14 19:52:59 | [main] core.TestListner (TestListner.java:34) - onTestStart: start
DEBUG | 2019-07-14 19:54:13 | [main] core.TestListner (TestListner.java:34) - onTestStart: start
DEBUG | 2019-07-14 20:01:22 | [main] core.TestListner (TestListner.java:34) - onTestStart: start
DEBUG | 2019-07-14 20:07:25 | [main] core.TestListner (TestListner.java:34) - onTestStart: start
DEBUG | 2019-07-14 20:19:29 | [main] core.TestListner (TestListner.java:34) - onTestStart: start
DEBUG | 2019-07-14 20:20:43 | [main] core.TestListner (TestListner.java:34) - onTestStart: start
DEBUG | 2019-07-14 20:23:46 | [main] core.TestListner (TestListner.java:34) - onTestStart: start
DEBUG | 2019-07-14 20:35:52 | [main] core.TestListner (TestListner.java:34) - onTestStart: start
DEBUG | 2019-07-14 20:37:16 | [main] core.TestListner (TestListner.java:34) - onTestStart: start
